<html>
<body>
<pre>
<h1>µVision Build Log</h1>
<h2>Tool Versions:</h2>
IDE-Version: µVision V5.39.0.0
Copyright (C) 2023 ARM Ltd and ARM Germany GmbH. All rights reserved.
License Information: giang phan, hcmut, LIC=EXJT4-FE471-74WS0-B0TFT-U6XJE-NSQHV
 
Tool Versions:
Toolchain:       MDK-ARM Plus  Version: 5.39.0.0
Toolchain Path:  C:\Keil_v5\ARM\ARMCLANG\Bin
C Compiler:      ArmClang.exe V6.21
Assembler:       Armasm.exe V6.21
Linker/Locator:  ArmLink.exe V6.21
Library Manager: ArmAr.exe V6.21
Hex Converter:   FromElf.exe V6.21
CPU DLL:         SARMCM3.DLL V5.39.0.0
Dialog DLL:      DCM.DLL V1.17.5.0
Target DLL:      UL2CM3.DLL V1.164.9.0
Dialog DLL:      TCM.DLL V1.56.4.0
 
<h2>Project:</h2>
D:\Learning\231_ESP_Assignments\BT1\BT1_CMSIS_Lib\BT1.uvprojx
Project File Date:  01/21/2024

<h2>Output:</h2>
*** Using Compiler 'V6.21', folder: 'C:\Keil_v5\ARM\ARMCLANG\Bin'
Build target 'Target 1'
main.c(1): warning: In file included from...
C:/Users/phang/AppData/Local/Arm/Packs/Keil/STM32F1xx_DFP/2.4.1/Device/Include\stm32f10x.h(18): warning: invalid UTF-8 in comment [-Winvalid-utf8]
   18 |   *              - To use or not the peripheral<92>s drivers in application code(i.e. 
      |                                                ^
C:/Users/phang/AppData/Local/Arm/Packs/Keil/STM32F1xx_DFP/2.4.1/Device/Include\stm32f10x.h(19): warning: invalid UTF-8 in comment [-Winvalid-utf8]
   19 |   *                code will be based on direct access to peripheral<92>s registers 
      |                                                                     ^
C:/Users/phang/AppData/Local/Arm/Packs/Keil/STM32F1xx_DFP/2.4.1/Device/Include\stm32f10x.h(26): warning: invalid UTF-8 in comment [-Winvalid-utf8]
   26 |   *           - Macros to access peripheral<92>s registers hardware
      |                                            ^
main.c(7): warning: no previous extern declaration for non-static variable 'msTicks' [-Wmissing-variable-declarations]
    7 | volatile uint32_t msTicks = 0;
      |                   ^
main.c(7): note: declare 'static' if the variable is not intended to be used outside of this translation unit
    7 | volatile uint32_t msTicks = 0;
      |          ^
main.c(9): warning: no previous prototype for function 'SysTick_Handler' [-Wmissing-prototypes]
    9 | void SysTick_Handler(void)
      |      ^
main.c(9): note: declare 'static' if the function is not intended to be used outside of this translation unit
    9 | void SysTick_Handler(void)
      | ^
      | static 
5 warnings generated.
compiling main.c...
linking...
Program Size: Code=1296 RO-data=268 RW-data=4 ZI-data=1644  
FromELF: creating hex file...
".\Objects\BT1.axf" - 0 Error(s), 5 Warning(s).

<h2>Software Packages used:</h2>

Package Vendor: ARM
                https://www.keil.com/pack/ARM.CMSIS.6.0.0.pack
                ARM::CMSIS@6.0.0
                CMSIS (Common Microcontroller Software Interface Standard)
   * Component: GPIO Version: 1.0.0
   * Component: Custom Version: 1.0.0
   * Component: CORE Version: 6.0.0

Package Vendor: Keil
                https://www.keil.com/pack/Keil.STM32F1xx_DFP.2.4.1.pack
                Keil::STM32F1xx_DFP@2.4.1
                STMicroelectronics STM32F1 Series Device Support, Drivers and Examples
   * Component: Startup Version: 1.0.0

<h2>Collection of Component include folders:</h2>
  ./RTE/Device/STM32F103C8
  ./RTE/_Target_1
  C:/Users/phang/AppData/Local/Arm/Packs/ARM/CMSIS/6.0.0/CMSIS/Core/Include
  C:/Users/phang/AppData/Local/Arm/Packs/ARM/CMSIS/6.0.0/CMSIS/Driver/Include
  C:/Users/phang/AppData/Local/Arm/Packs/Keil/STM32F1xx_DFP/2.4.1/Device/Include

<h2>Collection of Component Files used:</h2>

   * Component: ::CMSIS Driver:GPIO(API)@1.0.0
      Include file:  CMSIS/Driver/Include/Driver_GPIO.h

   * Component: ARM::CMSIS Driver:GPIO:Custom@1.0.0
      Include file:  CMSIS/Driver/Include/Driver_GPIO.h
      Source file:   CMSIS/Driver/DriverTemplates/Driver_GPIO.c

   * Component: ARM::CMSIS:CORE@6.0.0

   * Component: Keil::Device:Startup@1.0.0
      Include file:  RTE_Driver/Config/RTE_Device.h
      Source file:   Device/Source/system_stm32f10x.c
      Source file:   Device/Source/ARM/STM32F1xx_OPT.s
      Source file:   Device/Source/ARM/startup_stm32f10x_md.s
Build Time Elapsed:  00:00:01
</pre>
</body>
</html>
