../Core/Src/main.c:79:5:main	16	static
../Core/Src/main.c:156:6:SystemClock_Config	72	static
../Core/Src/main.c:193:13:MX_USART1_UART_Init	8	static
../Core/Src/main.c:226:13:MX_GPIO_Init	40	static
../Core/Src/main.c:258:6:LED_Task	24	static
../Core/Src/main.c:274:6:BUTTON_Task	24	static
../Core/Src/main.c:291:6:UART_Task	24	static
../Core/Src/main.c:322:6:StartDefaultTask	16	static
../Core/Src/main.c:341:6:HAL_TIM_PeriodElapsedCallback	16	static
../Core/Src/main.c:358:6:Error_Handler	4	static,ignoring_inline_asm
